// Jest Snapshot v1, https://goo.gl/fbAQLP

exports[`yarn pnp should just work 1`] = `
{
  "exitCode": 0,
  "stderr": "",
  "stdout": "",
}
`;
